// Jest Snapshot v1, https://goo.gl/fbAQLP

exports[`ui changes for singleplaylist component correctly handles ui changes when track is selected 1`] = `
<div
  className="container-container"
  data-testid="scroll-container"
  id="scroll-container"
  onScroll={[Function]}
>
  <div
    className="header-container"
  >
    <div
      className="options-container"
    >
      <div
        className="drop-down-container"
      >
        <div
          className="drop-down-content"
        >
          <div
            className="drop-down-left-container"
          >
            <div
              className="cancel-icon-container"
              onClick={[Function]}
            >
              <span
                className="main-trigger-icon-container"
              >
                <i
                  className="main-trigger-icon"
                />
              </span>
            </div>
            <p
              className="selected-count"
            >
              Selected 
              1
            </p>
          </div>
          <div
            className="main-options-icons"
          >
            <svg
              className="trash-icon"
              data-testid="delete icon"
              onClick={[Function]}
            >
              trash.svg
            </svg>
            <svg
              className="add-icon-container"
              onClick={[Function]}
            >
              add-icon.svg
            </svg>
          </div>
        </div>
      </div>
    </div>
    <div
      className="inactive"
    >
      <div
        className="inactive"
      >
        <p
          className="title-text"
        >
          Playlists
        </p>
        <div
          className="input-container"
        >
          <input
            aria-label="search-bar"
            className="input-searchbar"
            id=""
            name=""
            onChange={[Function]}
            type="text"
            value=""
          />
          <div
            className="input-content-container"
          >
            <svg
              className="search-icon"
            >
              search.svg
            </svg>
          </div>
        </div>
      </div>
    </div>
  </div>
  <div
    className="wrapper"
  >
    <div>
      <div
        className="inactive"
        data-testid="delete modal test"
      >
        <div
          className="container-mask"
          onClick={[Function]}
        />
        <div
          className="modal-container"
        >
          <div
            className="header-container"
          >
            <div
              className="cancel-icon-container"
              onClick={[Function]}
            >
              <span
                className="main-trigger-icon-container"
              >
                <i
                  className="main-trigger-icon"
                />
              </span>
               
            </div>
          </div>
          <p>
            Are you sure you want to delete these tracks?
          </p>
          <div
            className="button-container"
          >
            <button
              className="cancel-button"
              onClick={[Function]}
            >
              Cancel
            </button>
            <button
              className="delete-button"
              name="delete-button"
              onClick={[Function]}
              role="button"
            >
              Delete
            </button>
          </div>
        </div>
      </div>
      <div
        className="inactive"
      >
        <div
          className="container-mask"
          onClick={[Function]}
        />
        <div
          className="inactive"
        >
          <div
            className="modal-container"
          >
            <div
              className="header-container"
            >
              <div
                className="cancel-icon-container"
                onClick={[Function]}
              >
                <span
                  className="main-trigger-icon-container"
                >
                  <i
                    className="main-trigger-icon"
                  />
                </span>
                 
              </div>
            </div>
            <p
              className="modal-title"
            >
              Add to playlists
            </p>
            <div
              className="playlist-container"
            >
              <div
                className="playlist-item-container"
              >
                <div
                  className="playlist-item"
                >
                  <div
                    className="check-index-container"
                  >
                    <p
                      className="playlist-count"
                    >
                      1
                    </p>
                    <svg
                      className="check-icon-place"
                      style={
                        Object {
                          "display": "none",
                        }
                      }
                    >
                      checkIconPlaceH.svg
                    </svg>
                    <svg
                      className="check-icon"
                      data-testid="addModal1234"
                      onClick={[Function]}
                      style={
                        Object {
                          "display": "none",
                          "fill": "white",
                        }
                      }
                    >
                      check.svg
                    </svg>
                  </div>
                  <p
                    className="playlist-title"
                  />
                </div>
              </div>
              <div
                className="playlist-item-container"
              >
                <div
                  className="playlist-item"
                >
                  <div
                    className="check-index-container"
                  >
                    <p
                      className="playlist-count"
                    >
                      2
                    </p>
                    <svg
                      className="check-icon-place"
                      style={
                        Object {
                          "display": "none",
                        }
                      }
                    >
                      checkIconPlaceH.svg
                    </svg>
                    <svg
                      className="check-icon"
                      data-testid="addModaltestplaylist1"
                      onClick={[Function]}
                      style={
                        Object {
                          "display": "none",
                          "fill": "white",
                        }
                      }
                    >
                      check.svg
                    </svg>
                  </div>
                  <p
                    className="playlist-title"
                  >
                    My playlist #6
                  </p>
                </div>
              </div>
            </div>
            <div
              className="button-container"
            >
              <button
                className="cancel-button"
                onClick={[Function]}
              >
                Cancel
              </button>
              <button
                className="delete-button"
                onClick={[Function]}
              >
                Add
              </button>
            </div>
          </div>
        </div>
      </div>
      <div
        className="container"
      >
        <div
          className="inactive"
        >
          <div
            className="item-container"
          >
            <a
              className="playlist-container"
              href="undefined/1234"
              onClick={[Function]}
            >
              <div
                className="playlist-content"
              >
                <div
                  className="playlist-image-container"
                >
                  <img
                    alt=""
                    className="playlist-image"
                    src=""
                  />
                </div>
                <div
                  className="description-container"
                >
                  <p
                    className="playlist-title"
                  />
                  <p
                    className="playlist-description"
                  >
                    By Austin Lee
                  </p>
                </div>
              </div>
            </a>
            <a
              className="playlist-container"
              href="undefined/testplaylist1"
              onClick={[Function]}
            >
              <div
                className="playlist-content"
              >
                <div
                  className="playlist-image-container"
                >
                  <img
                    alt=""
                    className="playlist-image"
                    src=""
                  />
                </div>
                <div
                  className="description-container"
                >
                  <p
                    className="playlist-title"
                  >
                    My playlist #6
                  </p>
                  <p
                    className="playlist-description"
                  >
                    By Austin Lee
                  </p>
                </div>
              </div>
            </a>
          </div>
        </div>
      </div>
    </div>
    <div
      className="wrapper"
    >
      <button
        onClick={[Function]}
      >
        Delete All
      </button>
      <button
        onClick={[Function]}
      >
        Add All
      </button>
      <button
        onClick={[Function]}
      >
        get total count
      </button>
      <button />
      <div
        className="header-container"
      >
        <div
          className="album-cover-container"
          style={
            Object {
              "background": "transparent",
            }
          }
        >
          <img
            alt=""
            className="album-cover"
            id="playlistImage"
            src=""
          />
           
          <div
            className="album-mask"
          />
        </div>
        <div
          className="playlist-info-container"
        >
          <h3
            className="playlist-title"
          >
            My playlist #6
          </h3>
          <p
            className="playlist-creator"
          >
            Created By 
            Austin Lee
             
          </p>
           
          <button
            className="update-button"
            onClick={[Function]}
          >
            update
          </button>
        </div>
      </div>
      <div
        className="tracks-container"
      >
        <div
          className="label-container"
        >
          <div
            className="label-check-container"
          >
            <p
              className="label-count"
              style={
                Object {
                  "display": "block",
                }
              }
            >
              #
            </p>
            <svg
              className="check-box"
              onClick={[Function]}
              style={
                Object {
                  "display": "none",
                  "fill": "white",
                }
              }
            >
              check.svg
            </svg>
          </div>
          <div
            className="label-title"
          >
            title
          </div>
          <div
            className="label-album"
          >
            album
          </div>
          <div
            className="label-playlist"
          >
            playlist
          </div>
           
        </div>
        <div
          className="item-wrapper"
        >
          <div
            className="item-container"
          >
            <div
              className="check-count-container"
            >
              <div
                className="check-container"
              >
                <svg
                  className="check-icon-place"
                  style={
                    Object {
                      "display": "flex",
                    }
                  }
                >
                  checkIconPlaceH.svg
                </svg>
                <svg
                  className="check-icon"
                  data-testid="6081f5bdd0ea054c94c456a5"
                  onClick={[Function]}
                  style={
                    Object {
                      "display": "flex",
                      "fill": "#1db954",
                    }
                  }
                >
                  check.svg
                </svg>
              </div>
              <div
                className="track-count-container"
              >
                <span
                  className="inactive"
                >
                  1
                </span>
              </div>
            </div>
            <div
              className="item-title-container"
            >
              <div
                className="album-image-container"
              >
                <img
                  alt=""
                  className="album-image"
                  src=""
                />
              </div>
              <div
                className="title-container"
              >
                <div
                  className="track-title-container"
                >
                  <p
                    className="track-title"
                  >
                    Sleepless Nights (feat. Nightly)
                  </p>
                </div>
                <span
                  className="track-artist"
                >
                  <span>
                    <a>
                      <span
                        className="artist-name"
                      >
                        ayokay
                      </span>
                    </a>
                    , 
                  </span>
                  <span>
                    <a>
                      <span
                        className="artist-name"
                      >
                        Nightly
                      </span>
                    </a>
                  </span>
                </span>
              </div>
            </div>
            <div
              className="track-album-container"
            >
              <p
                className="track-album"
              >
                In the Shape of a Dream
              </p>
            </div>
            <div
              className="track-playlist-container"
            >
              <p
                className="track-playlist"
              >
                My playlist #6
              </p>
            </div>
          </div>
          <div
            className="item-container"
          >
            <div
              className="check-count-container"
            >
              <div
                className="check-container"
              >
                <svg
                  className="check-icon-place"
                  style={
                    Object {
                      "display": "flex",
                    }
                  }
                >
                  checkIconPlaceH.svg
                </svg>
                <svg
                  className="check-icon"
                  data-testid="1f5bdd0ea054c94c456a5"
                  onClick={[Function]}
                  style={
                    Object {
                      "display": "none",
                      "fill": "white",
                    }
                  }
                >
                  check.svg
                </svg>
              </div>
              <div
                className="track-count-container"
              >
                <span
                  className="inactive"
                >
                  2
                </span>
              </div>
            </div>
            <div
              className="item-title-container"
            >
              <div
                className="album-image-container"
              >
                <img
                  alt=""
                  className="album-image"
                  src=""
                />
              </div>
              <div
                className="title-container"
              >
                <div
                  className="track-title-container"
                >
                  <p
                    className="track-title"
                  >
                    song name
                  </p>
                </div>
                <span
                  className="track-artist"
                >
                  <span>
                    <a>
                      <span
                        className="artist-name"
                      >
                        ayokay
                      </span>
                    </a>
                    , 
                  </span>
                  <span>
                    <a>
                      <span
                        className="artist-name"
                      >
                        Nightly
                      </span>
                    </a>
                  </span>
                </span>
              </div>
            </div>
            <div
              className="track-album-container"
            >
              <p
                className="track-album"
              >
                album
              </p>
            </div>
            <div
              className="track-playlist-container"
            >
              <p
                className="track-playlist"
              >
                My playlist #6
              </p>
            </div>
          </div>
           
        </div>
      </div>
    </div>
  </div>
   
</div>
`;
